Event PASSIVE received, current State is LISTEN
Event SYN received, current State is SYN_RCVD
Event ACK received, current State is ESTABLISHED
DATA received 1
DATA sent 2
Event FIN received, current State is CLOSE_WAIT
Event CLOSE received, current State is LAST_ACK
Event ACK received, current State is CLOSED
