Event PASSIVE received, current State is CLOSED
Event SYN received, current State is LISTEN
Event ACK received, current State is SYN_RCVD
DATA received 1
DATA sent 1
Event FIN received, current State is ESTABLISHED
Event CLOSE received, current State is CLOSE_WAIT
Event ACK received, current State is LAST_ACK
